
> nextn@0.1.0 build
> next build

   Γû▓ Next.js 15.5.12
   - Environments: .env

   Creating an optimized production build ...
 Γ£ô Compiled successfully in 39.0s
   Skipping validation of types
   Skipping linting
   Collecting page data ...
node.exe : [Error [PageNotFoundError]: Cannot find module 
for page: /favicon.ico] {
At C:\Program Files\nodejs\npm.ps1:29 char:3
+   & $NODE_EXE $NPM_CLI_JS $args
+   ~~~~~~~~~~~~~~~~~~~~~~~~~~~~~
    + CategoryInfo          : NotSpecified: ([Error [PageN  
  ot.../favicon.ico] {:String) [], RemoteException
    + FullyQualifiedErrorId : NativeCommandError
 
  code: 'ENOENT'
}
[Error [PageNotFoundError]: Cannot find module for page: 
/billing/patients] {
  code: 'ENOENT'
}

> Build error occurred
[Error: Failed to collect page data for /favicon.ico] { 
type: 'Error' }
